2021/11/18 22:30:52 [error] 8924#4448: *100 CreateFile() "C:/coding/python/kodges/media/2020-07/1595089102_folder.jpg" failed (3: The system cannot find the path specified), client: 127.0.0.1, server: localhost, request: "GET /media/2020-07/1595089102_folder.jpg HTTP/1.1", host: "127.0.0.1", referrer: "http://127.0.0.1/"
2021/11/18 22:31:05 [error] 8924#4448: *98 CreateFile() "C:/coding/python/kodges/media/2020-11/1605262669_cov350m.jpg" failed (3: The system cannot find the path specified), client: 127.0.0.1, server: localhost, request: "GET /media/2020-11/1605262669_cov350m.jpg HTTP/1.1", host: "127.0.0.1", referrer: "http://127.0.0.1/"
2021/11/18 22:31:05 [error] 8924#4448: *99 CreateFile() "C:/coding/python/kodges/media/2020-10/1603525390_folder.jpg" failed (3: The system cannot find the path specified), client: 127.0.0.1, server: localhost, request: "GET /media/2020-10/1603525390_folder.jpg HTTP/1.1", host: "127.0.0.1", referrer: "http://127.0.0.1/"
2021/11/18 22:31:05 [error] 8924#4448: *100 CreateFile() "C:/coding/python/kodges/media/2020-07/1595165981_cov350m.jpg" failed (3: The system cannot find the path specified), client: 127.0.0.1, server: localhost, request: "GET /media/2020-07/1595165981_cov350m.jpg HTTP/1.1", host: "127.0.0.1", referrer: "http://127.0.0.1/"
2021/11/18 22:31:05 [error] 8924#4448: *109 CreateFile() "C:/coding/python/kodges/media/2020-07/1595088384_folder.jpg" failed (3: The system cannot find the path specified), client: 127.0.0.1, server: localhost, request: "GET /media/2020-07/1595088384_folder.jpg HTTP/1.1", host: "127.0.0.1", referrer: "http://127.0.0.1/"
2021/11/18 22:31:05 [error] 8924#4448: *93 CreateFile() "C:/coding/python/kodges/media/2020-07/1594749804_folder.jpg" failed (3: The system cannot find the path specified), client: 127.0.0.1, server: localhost, request: "GET /media/2020-07/1594749804_folder.jpg HTTP/1.1", host: "127.0.0.1", referrer: "http://127.0.0.1/"
2021/11/18 22:32:10 [error] 8924#4448: *94 CreateFile() "C:/coding/python/kodges/media/2020-10/1603989450_cov350m.jpg" failed (3: The system cannot find the path specified), client: 127.0.0.1, server: localhost, request: "GET /media/2020-10/1603989450_cov350m.jpg HTTP/1.1", host: "127.0.0.1", referrer: "http://127.0.0.1/"
2021/11/18 22:32:10 [error] 8924#4448: *109 CreateFile() "C:/coding/python/kodges/media/2020-09/1599084919_cov350m.jpg" failed (3: The system cannot find the path specified), client: 127.0.0.1, server: localhost, request: "GET /media/2020-09/1599084919_cov350m.jpg HTTP/1.1", host: "127.0.0.1", referrer: "http://127.0.0.1/"
2021/11/18 22:32:46 [error] 8924#4448: *99 CreateFile() "C:/coding/python/kodges/media/2020-08/1598039943_2020-08-21_225128.jpg" failed (3: The system cannot find the path specified), client: 127.0.0.1, server: localhost, request: "GET /media/2020-08/1598039943_2020-08-21_225128.jpg HTTP/1.1", host: "127.0.0.1", referrer: "http://127.0.0.1/"
2021/11/18 22:32:46 [error] 8924#4448: *99 CreateFile() "C:/coding/python/kodges/media/2020-06/1593440431_3166570.jpg" failed (3: The system cannot find the path specified), client: 127.0.0.1, server: localhost, request: "GET /media/2020-06/1593440431_3166570.jpg HTTP/1.1", host: "127.0.0.1", referrer: "http://127.0.0.1/"
2021/11/18 22:33:29 [error] 8924#4448: *121 CreateFile() "C:/coding/python/kodges/media/2020-11/1604569053_psihologicheskaya-dieta-doktora-mirkina.jpg" failed (3: The system cannot find the path specified), client: 127.0.0.1, server: localhost, request: "GET /media/2020-11/1604569053_psihologicheskaya-dieta-doktora-mirkina.jpg HTTP/1.1", host: "127.0.0.1", referrer: "http://127.0.0.1/"
2021/11/18 22:33:29 [error] 8924#4448: *122 CreateFile() "C:/coding/python/kodges/media/2020-07/1593680512_eda-ne-beda.jpg" failed (3: The system cannot find the path specified), client: 127.0.0.1, server: localhost, request: "GET /media/2020-07/1593680512_eda-ne-beda.jpg HTTP/1.1", host: "127.0.0.1", referrer: "http://127.0.0.1/"
2021/11/18 22:33:29 [error] 8924#4448: *123 CreateFile() "C:/coding/python/kodges/media/2020-10/1602564999_yuriy-gichev-zabudte-slovo-dieta-pochemu-my-lyubim-vrednoe-smeemsya-nad-poleznym-a-edim_001.jpg" failed (3: The system cannot find the path specified), client: 127.0.0.1, server: localhost, request: "GET /media/2020-10/1602564999_yuriy-gichev-zabudte-slovo-dieta-pochemu-my-lyubim-vrednoe-smeemsya-nad-poleznym-a-edim_001.jpg HTTP/1.1", host: "127.0.0.1", referrer: "http://127.0.0.1/"
2021/11/18 22:34:05 [error] 8924#4448: *119 CreateFile() "C:/coding/python/kodges/media/2020-09/1599808211_18.jpg" failed (3: The system cannot find the path specified), client: 127.0.0.1, server: localhost, request: "GET /media/2020-09/1599808211_18.jpg HTTP/1.1", host: "127.0.0.1", referrer: "http://127.0.0.1/"
2021/11/18 22:34:05 [error] 8924#4448: *126 CreateFile() "C:/coding/python/kodges/media/2020-07/1594523679_308.jpg" failed (3: The system cannot find the path specified), client: 127.0.0.1, server: localhost, request: "GET /media/2020-07/1594523679_308.jpg HTTP/1.1", host: "127.0.0.1", referrer: "http://127.0.0.1/"
2021/11/18 22:34:27 [error] 8924#4448: *119 CreateFile() "C:/coding/python/kodges/media/2020-09/1600178053_1-m.jpg" failed (3: The system cannot find the path specified), client: 127.0.0.1, server: localhost, request: "GET /media/2020-09/1600178053_1-m.jpg HTTP/1.1", host: "127.0.0.1", referrer: "http://127.0.0.1/"
2021/11/18 22:34:27 [error] 8924#4448: *126 CreateFile() "C:/coding/python/kodges/media/2020-11/1604861738_42.jpg" failed (3: The system cannot find the path specified), client: 127.0.0.1, server: localhost, request: "GET /media/2020-11/1604861738_42.jpg HTTP/1.1", host: "127.0.0.1", referrer: "http://127.0.0.1/"
2021/11/18 22:34:33 [error] 8924#4448: *119 CreateFile() "C:/coding/python/kodges/media/2020-09/1600335256_09-5.jpg" failed (3: The system cannot find the path specified), client: 127.0.0.1, server: localhost, request: "GET /media/2020-09/1600335256_09-5.jpg HTTP/1.1", host: "127.0.0.1", referrer: "http://127.0.0.1/"
2021/11/18 22:34:33 [error] 8924#4448: *99 CreateFile() "C:/coding/python/kodges/media/2020-09/1599212008_haker072020_450.jpg" failed (3: The system cannot find the path specified), client: 127.0.0.1, server: localhost, request: "GET /media/2020-09/1599212008_haker072020_450.jpg HTTP/1.1", host: "127.0.0.1", referrer: "http://127.0.0.1/"
2021/11/18 22:34:33 [error] 8924#4448: *121 CreateFile() "C:/coding/python/kodges/media/2020-08/1596638287_haker062020_450.jpg" failed (3: The system cannot find the path specified), client: 127.0.0.1, server: localhost, request: "GET /media/2020-08/1596638287_haker062020_450.jpg HTTP/1.1", host: "127.0.0.1", referrer: "http://127.0.0.1/"
2021/11/18 22:34:33 [error] 8924#4448: *122 CreateFile() "C:/coding/python/kodges/media/2020-11/1605002135_haker092020_450.jpg" failed (3: The system cannot find the path specified), client: 127.0.0.1, server: localhost, request: "GET /media/2020-11/1605002135_haker092020_450.jpg HTTP/1.1", host: "127.0.0.1", referrer: "http://127.0.0.1/"
2021/11/18 22:34:33 [error] 8924#4448: *123 CreateFile() "C:/coding/python/kodges/media/2020-07/1593942952_haker052020_450.jpg" failed (3: The system cannot find the path specified), client: 127.0.0.1, server: localhost, request: "GET /media/2020-07/1593942952_haker052020_450.jpg HTTP/1.1", host: "127.0.0.1", referrer: "http://127.0.0.1/"
2021/11/18 22:34:33 [error] 8924#4448: *126 CreateFile() "C:/coding/python/kodges/media/2020-10/1601924206_haker082020_450.jpg" failed (3: The system cannot find the path specified), client: 127.0.0.1, server: localhost, request: "GET /media/2020-10/1601924206_haker082020_450.jpg HTTP/1.1", host: "127.0.0.1", referrer: "http://127.0.0.1/"
2021/11/18 22:36:14 [error] 8924#4448: *126 CreateFile() "C:/coding/python/kodges/media/2020-10/1602744482_c9f6b39e3004.jpg" failed (3: The system cannot find the path specified), client: 127.0.0.1, server: localhost, request: "GET /media/2020-10/1602744482_c9f6b39e3004.jpg HTTP/1.1", host: "127.0.0.1", referrer: "http://127.0.0.1/"
2021/11/18 22:36:14 [error] 8924#4448: *126 CreateFile() "C:/coding/python/kodges/media/2020-10/1602686220_3255323.jpg" failed (3: The system cannot find the path specified), client: 127.0.0.1, server: localhost, request: "GET /media/2020-10/1602686220_3255323.jpg HTTP/1.1", host: "127.0.0.1", referrer: "http://127.0.0.1/"
2021/11/18 22:36:14 [error] 8924#4448: *126 CreateFile() "C:/coding/python/kodges/media/2020-10/1602679616_31932487.jpg" failed (3: The system cannot find the path specified), client: 127.0.0.1, server: localhost, request: "GET /media/2020-10/1602679616_31932487.jpg HTTP/1.1", host: "127.0.0.1", referrer: "http://127.0.0.1/"
2021/11/18 22:36:14 [error] 8924#4448: *126 CreateFile() "C:/coding/python/kodges/media/2014-10/54413cfdf114e.gif" failed (3: The system cannot find the path specified), client: 127.0.0.1, server: localhost, request: "GET /media/2014-10/54413cfdf114e.gif HTTP/1.1", host: "127.0.0.1", referrer: "http://127.0.0.1/"
2021/11/18 22:36:14 [error] 8924#4448: *126 CreateFile() "C:/coding/python/kodges/media/2017-04/1491709257_istoriy.jpg" failed (3: The system cannot find the path specified), client: 127.0.0.1, server: localhost, request: "GET /media/2017-04/1491709257_istoriy.jpg HTTP/1.1", host: "127.0.0.1", referrer: "http://127.0.0.1/"
2021/11/18 22:36:14 [error] 8924#4448: *126 CreateFile() "C:/coding/python/kodges/media/2020-10/1602603435_773a5f4.jpg" failed (3: The system cannot find the path specified), client: 127.0.0.1, server: localhost, request: "GET /media/2020-10/1602603435_773a5f4.jpg HTTP/1.1", host: "127.0.0.1", referrer: "http://127.0.0.1/"
2021/11/18 22:36:14 [error] 8924#4448: *135 CreateFile() "C:/coding/python/kodges/media/2020-10/1602572849_5.jpg" failed (3: The system cannot find the path specified), client: 127.0.0.1, server: localhost, request: "GET /media/2020-10/1602572849_5.jpg HTTP/1.1", host: "127.0.0.1", referrer: "http://127.0.0.1/"
2021/11/18 22:36:14 [error] 8924#4448: *126 CreateFile() "C:/coding/python/kodges/media/2020-10/1602403723_46daee.jpg" failed (3: The system cannot find the path specified), client: 127.0.0.1, server: localhost, request: "GET /media/2020-10/1602403723_46daee.jpg HTTP/1.1", host: "127.0.0.1", referrer: "http://127.0.0.1/"
2021/11/18 22:36:14 [error] 8924#4448: *126 CreateFile() "C:/coding/python/kodges/media/2020-10/1602165425_3249893.jpg" failed (3: The system cannot find the path specified), client: 127.0.0.1, server: localhost, request: "GET /media/2020-10/1602165425_3249893.jpg HTTP/1.1", host: "127.0.0.1", referrer: "http://127.0.0.1/"
2021/11/18 22:36:14 [error] 8924#4448: *126 CreateFile() "C:/coding/python/kodges/media/2020-10/1601989251_31838407.jpg" failed (3: The system cannot find the path specified), client: 127.0.0.1, server: localhost, request: "GET /media/2020-10/1601989251_31838407.jpg HTTP/1.1", host: "127.0.0.1", referrer: "http://127.0.0.1/"
2021/11/21 19:05:52 [error] 10032#10036: *21 CreateFile() "C:/coding/python/DjangoSchool-drf/django_book/static/rest_framework/css/bootstrap.min.css.map" failed (2: The system cannot find the file specified), client: 127.0.0.1, server: localhost, request: "GET /static/rest_framework/css/bootstrap.min.css.map HTTP/1.1", host: "127.0.0.1"
2021/11/21 20:00:56 [error] 10032#10036: *118 CreateFile() "C:/coding/python/DjangoSchool-drf/django_book/templates/favicon.ico" failed (2: The system cannot find the file specified), client: 127.0.0.1, server: localhost, request: "GET /favicon.ico HTTP/1.1", host: "127.0.0.1", referrer: "http://127.0.0.1/"
2021/11/21 20:01:51 [error] 10032#10036: *128 CreateFile() "C:/coding/python/DjangoSchool-drf/django_book/templates/favicon.ico" failed (2: The system cannot find the file specified), client: 127.0.0.1, server: localhost, request: "GET /favicon.ico HTTP/1.1", host: "127.0.0.1", referrer: "http://127.0.0.1/"
2021/11/21 20:15:38 [error] 10032#10036: *176 CreateFile() "C:/coding/python/DjangoSchool-drf/django_book/templates/favicon.ico" failed (2: The system cannot find the file specified), client: 127.0.0.1, server: localhost, request: "GET /favicon.ico HTTP/1.1", host: "127.0.0.1", referrer: "http://127.0.0.1/"
2021/11/21 21:41:39 [error] 10032#10036: *386 CreateFile() "C:/coding/python/kodges/media/2020-09/1600315665_oblysenie__tonkosti__hitrosti__sekrety_001.jpg" failed (3: The system cannot find the path specified), client: 127.0.0.1, server: localhost, request: "GET /media/2020-09/1600315665_oblysenie__tonkosti__hitrosti__sekrety_001.jpg HTTP/1.1", host: "127.0.0.1", referrer: "http://127.0.0.1/"
2021/11/21 21:41:39 [error] 10032#10036: *386 CreateFile() "C:/coding/python/kodges/media/2020-09/1600314250_azbuka_zakalivanija_001.jpg" failed (3: The system cannot find the path specified), client: 127.0.0.1, server: localhost, request: "GET /media/2020-09/1600314250_azbuka_zakalivanija_001.jpg HTTP/1.1", host: "127.0.0.1", referrer: "http://127.0.0.1/"
2021/11/21 21:41:39 [error] 10032#10036: *386 CreateFile() "C:/coding/python/kodges/media/2015-05/555b71c258aa4.jpg" failed (3: The system cannot find the path specified), client: 127.0.0.1, server: localhost, request: "GET /media/2015-05/555b71c258aa4.jpg HTTP/1.1", host: "127.0.0.1", referrer: "http://127.0.0.1/"
2021/11/21 21:41:39 [error] 10032#10036: *386 CreateFile() "C:/coding/python/kodges/media/2020-09/1600222677_metoftol25.jpg" failed (3: The system cannot find the path specified), client: 127.0.0.1, server: localhost, request: "GET /media/2020-09/1600222677_metoftol25.jpg HTTP/1.1", host: "127.0.0.1", referrer: "http://127.0.0.1/"
2021/11/21 21:41:39 [error] 10032#10036: *386 CreateFile() "C:/coding/python/kodges/media/2020-09/1600152598_olga-romanova-topinambur-tykva-selderey-protiv-diabeta-serdechno-sosudistykh-i-drugikh_001.jpg" failed (3: The system cannot find the path specified), client: 127.0.0.1, server: localhost, request: "GET /media/2020-09/1600152598_olga-romanova-topinambur-tykva-selderey-protiv-diabeta-serdechno-sosudistykh-i-drugikh_001.jpg HTTP/1.1", host: "127.0.0.1", referrer: "http://127.0.0.1/"
2021/11/21 21:41:39 [error] 10032#10036: *386 CreateFile() "C:/coding/python/kodges/media/2020-09/1600149894_olga-filatova-luchshie-metody-vosstanovleniya-zreniya_001.jpg" failed (3: The system cannot find the path specified), client: 127.0.0.1, server: localhost, request: "GET /media/2020-09/1600149894_olga-filatova-luchshie-metody-vosstanovleniya-zreniya_001.jpg HTTP/1.1", host: "127.0.0.1", referrer: "http://127.0.0.1/"
2021/11/21 21:41:39 [error] 10032#10036: *386 CreateFile() "C:/coding/python/kodges/media/2020-09/1600149526_gleb-pogozhev-istselyayuschaya-i-omolazhivayuschaya-banya-po-bolotovu_001.jpg" failed (3: The system cannot find the path specified), client: 127.0.0.1, server: localhost, request: "GET /media/2020-09/1600149526_gleb-pogozhev-istselyayuschaya-i-omolazhivayuschaya-banya-po-bolotovu_001.jpg HTTP/1.1", host: "127.0.0.1", referrer: "http://127.0.0.1/"
2021/11/21 21:41:39 [error] 10032#10036: *386 CreateFile() "C:/coding/python/kodges/media/2020-09/1600098134_302.jpg" failed (3: The system cannot find the path specified), client: 127.0.0.1, server: localhost, request: "GET /media/2020-09/1600098134_302.jpg HTTP/1.1", host: "127.0.0.1", referrer: "http://127.0.0.1/"
2021/11/21 21:41:39 [error] 10032#10036: *386 CreateFile() "C:/coding/python/kodges/media/2020-09/1599971009_petr-badmaev-tibetskaya-meditsina_001.jpg" failed (3: The system cannot find the path specified), client: 127.0.0.1, server: localhost, request: "GET /media/2020-09/1599971009_petr-badmaev-tibetskaya-meditsina_001.jpg HTTP/1.1", host: "127.0.0.1", referrer: "http://127.0.0.1/"
2021/11/21 21:41:39 [error] 10032#10036: *386 CreateFile() "C:/coding/python/kodges/media/2020-09/1599969461_marva-oganyan-zolotye-pravila-estestvennoy-meditsiny_001.jpg" failed (3: The system cannot find the path specified), client: 127.0.0.1, server: localhost, request: "GET /media/2020-09/1599969461_marva-oganyan-zolotye-pravila-estestvennoy-meditsiny_001.jpg HTTP/1.1", host: "127.0.0.1", referrer: "http://127.0.0.1/"
2021/11/21 21:41:40 [error] 10032#10036: *386 CreateFile() "C:/coding/python/kodges/media/2020-09/1600098134_302.jpg" failed (3: The system cannot find the path specified), client: 127.0.0.1, server: localhost, request: "GET /media/2020-09/1600098134_302.jpg HTTP/1.1", host: "127.0.0.1", referrer: "http://127.0.0.1/"
2021/11/21 21:41:42 [error] 10032#10036: *386 CreateFile() "C:/coding/python/kodges/media/2020-09/1600315665_oblysenie__tonkosti__hitrosti__sekrety_001.jpg" failed (3: The system cannot find the path specified), client: 127.0.0.1, server: localhost, request: "GET /media/2020-09/1600315665_oblysenie__tonkosti__hitrosti__sekrety_001.jpg HTTP/1.1", host: "127.0.0.1", referrer: "http://127.0.0.1/"
2021/11/21 21:42:43 [error] 10032#10036: *386 CreateFile() "C:/coding/python/kodges/media/2020-06/1593166164_2.jpg" failed (3: The system cannot find the path specified), client: 127.0.0.1, server: localhost, request: "GET /media/2020-06/1593166164_2.jpg HTTP/1.1", host: "127.0.0.1", referrer: "http://127.0.0.1/"
2021/11/21 21:42:43 [error] 10032#10036: *386 CreateFile() "C:/coding/python/kodges/media/2020-06/1593099956_cov350m.jpg" failed (3: The system cannot find the path specified), client: 127.0.0.1, server: localhost, request: "GET /media/2020-06/1593099956_cov350m.jpg HTTP/1.1", host: "127.0.0.1", referrer: "http://127.0.0.1/"
2021/11/21 21:42:43 [error] 10032#10036: *386 CreateFile() "C:/coding/python/kodges/media/2020-06/1593092545_cov350m.jpg" failed (3: The system cannot find the path specified), client: 127.0.0.1, server: localhost, request: "GET /media/2020-06/1593092545_cov350m.jpg HTTP/1.1", host: "127.0.0.1", referrer: "http://127.0.0.1/"
2021/11/21 21:42:43 [error] 10032#10036: *386 CreateFile() "C:/coding/python/kodges/media/2020-06/1593065376_cover-1200x800.jpg" failed (3: The system cannot find the path specified), client: 127.0.0.1, server: localhost, request: "GET /media/2020-06/1593065376_cover-1200x800.jpg HTTP/1.1", host: "127.0.0.1", referrer: "http://127.0.0.1/"
2021/11/21 21:42:43 [error] 10032#10036: *386 CreateFile() "C:/coding/python/kodges/media/2020-06/1593063739_3163761.jpg" failed (3: The system cannot find the path specified), client: 127.0.0.1, server: localhost, request: "GET /media/2020-06/1593063739_3163761.jpg HTTP/1.1", host: "127.0.0.1", referrer: "http://127.0.0.1/"
2021/11/21 21:42:43 [error] 10032#10036: *386 CreateFile() "C:/coding/python/kodges/media/2020-06/1592975128_fit.jpg" failed (3: The system cannot find the path specified), client: 127.0.0.1, server: localhost, request: "GET /media/2020-06/1592975128_fit.jpg HTTP/1.1", host: "127.0.0.1", referrer: "http://127.0.0.1/"
2021/11/21 21:42:43 [error] 10032#10036: *386 CreateFile() "C:/coding/python/kodges/media/2020-06/1592946054_cov350m.jpg" failed (3: The system cannot find the path specified), client: 127.0.0.1, server: localhost, request: "GET /media/2020-06/1592946054_cov350m.jpg HTTP/1.1", host: "127.0.0.1", referrer: "http://127.0.0.1/"
2021/11/21 21:42:43 [error] 10032#10036: *386 CreateFile() "C:/coding/python/kodges/media/2012-10/506ac4f2dd832.jpg" failed (3: The system cannot find the path specified), client: 127.0.0.1, server: localhost, request: "GET /media/2012-10/506ac4f2dd832.jpg HTTP/1.1", host: "127.0.0.1", referrer: "http://127.0.0.1/"
2021/11/21 21:42:43 [error] 10032#10036: *386 CreateFile() "C:/coding/python/kodges/media/2012-07/500ecb6cb192d.JPG" failed (3: The system cannot find the path specified), client: 127.0.0.1, server: localhost, request: "GET /media/2012-07/500ecb6cb192d.JPG HTTP/1.1", host: "127.0.0.1", referrer: "http://127.0.0.1/"
2021/11/21 21:42:43 [error] 10032#10036: *386 CreateFile() "C:/coding/python/kodges/media/2020-06/1592720539_b5ecf9.jpg" failed (3: The system cannot find the path specified), client: 127.0.0.1, server: localhost, request: "GET /media/2020-06/1592720539_b5ecf9.jpg HTTP/1.1", host: "127.0.0.1", referrer: "http://127.0.0.1/"
2021/11/21 21:42:44 [error] 10032#10036: *386 CreateFile() "C:/coding/python/kodges/media/2012-10/506ac4f2dd832.jpg" failed (3: The system cannot find the path specified), client: 127.0.0.1, server: localhost, request: "GET /media/2012-10/506ac4f2dd832.jpg HTTP/1.1", host: "127.0.0.1", referrer: "http://127.0.0.1/"
2021/11/21 21:42:45 [error] 10032#10036: *386 CreateFile() "C:/coding/python/kodges/media/2020-06/1592975128_fit.jpg" failed (3: The system cannot find the path specified), client: 127.0.0.1, server: localhost, request: "GET /media/2020-06/1592975128_fit.jpg HTTP/1.1", host: "127.0.0.1", referrer: "http://127.0.0.1/"
2021/11/21 21:52:37 [notice] 16204#12360: signal process started
2021/11/22 23:58:36 [notice] 13052#10908: signal process started
2021/11/29 22:58:51 [error] 1268#7744: *2 CreateFile() "C:/coding/python/DjangoSchool-drf/django_book/templates/favicon.ico" failed (2: The system cannot find the file specified), client: 127.0.0.1, server: localhost, request: "GET /favicon.ico HTTP/1.1", host: "127.0.0.1", referrer: "http://127.0.0.1/"
2021/11/29 23:00:16 [error] 1268#7744: *3 CreateFile() "C:/coding/python/kodges/media/kodges_covers/1606722445_3299323.jpg" failed (2: The system cannot find the file specified), client: 127.0.0.1, server: localhost, request: "GET /media/kodges_covers/1606722445_3299323.jpg HTTP/1.1", host: "127.0.0.1", referrer: "http://127.0.0.1/"
2021/11/29 23:02:48 [error] 1268#7744: *31 CreateFile() "C:/coding/python/DjangoSchool-drf/django_book/templates/favicon.ico" failed (2: The system cannot find the file specified), client: 127.0.0.1, server: localhost, request: "GET /favicon.ico HTTP/1.1", host: "127.0.0.1", referrer: "http://127.0.0.1/"
2021/11/29 23:23:16 [notice] 6288#9692: signal process started
2021/12/11 22:19:10 [error] 12776#5940: *3 CreateFile() "C:/coding/python/DjangoSchool-drf/django_book/templates/favicon.ico" failed (2: The system cannot find the file specified), client: 127.0.0.1, server: localhost, request: "GET /favicon.ico HTTP/1.1", host: "127.0.0.1", referrer: "http://127.0.0.1/"
2021/12/11 22:29:52 [error] 12776#5940: *187 CreateFile() "C:/coding/python/kodges/media/kodges_covers/1606217317_cov350m.jpg" failed (2: The system cannot find the file specified), client: 127.0.0.1, server: localhost, request: "GET /media/kodges_covers/1606217317_cov350m.jpg HTTP/1.1", host: "127.0.0.1", referrer: "http://127.0.0.1/"
2021/12/11 22:29:52 [error] 12776#5940: *190 CreateFile() "C:/coding/python/kodges/media/kodges_covers/1606555964_cov350m.jpg" failed (2: The system cannot find the file specified), client: 127.0.0.1, server: localhost, request: "GET /media/kodges_covers/1606555964_cov350m.jpg HTTP/1.1", host: "127.0.0.1", referrer: "http://127.0.0.1/"
2021/12/11 22:30:19 [error] 12776#5940: *194 CreateFile() "C:/coding/python/kodges/media/kodges_covers/1606555964_cov350m.jpg" failed (2: The system cannot find the file specified), client: 127.0.0.1, server: localhost, request: "GET /media/kodges_covers/1606555964_cov350m.jpg HTTP/1.1", host: "127.0.0.1", referrer: "http://127.0.0.1/"
2021/12/11 22:30:19 [error] 12776#5940: *191 CreateFile() "C:/coding/python/kodges/media/kodges_covers/1606217317_cov350m.jpg" failed (2: The system cannot find the file specified), client: 127.0.0.1, server: localhost, request: "GET /media/kodges_covers/1606217317_cov350m.jpg HTTP/1.1", host: "127.0.0.1", referrer: "http://127.0.0.1/"
2021/12/11 22:30:25 [error] 12776#5940: *191 CreateFile() "C:/coding/python/kodges/media/kodges_covers/1606555964_cov350m.jpg" failed (2: The system cannot find the file specified), client: 127.0.0.1, server: localhost, request: "GET /media/kodges_covers/1606555964_cov350m.jpg HTTP/1.1", host: "127.0.0.1", referrer: "http://127.0.0.1/"
2021/12/11 22:30:25 [error] 12776#5940: *194 CreateFile() "C:/coding/python/kodges/media/kodges_covers/1606217317_cov350m.jpg" failed (2: The system cannot find the file specified), client: 127.0.0.1, server: localhost, request: "GET /media/kodges_covers/1606217317_cov350m.jpg HTTP/1.1", host: "127.0.0.1", referrer: "http://127.0.0.1/"
2021/12/11 22:30:38 [error] 12776#5940: *191 CreateFile() "C:/coding/python/kodges/media/kodges_covers/1606555964_cov350m.jpg" failed (2: The system cannot find the file specified), client: 127.0.0.1, server: localhost, request: "GET /media/kodges_covers/1606555964_cov350m.jpg HTTP/1.1", host: "127.0.0.1", referrer: "http://127.0.0.1/"
2021/12/11 22:30:38 [error] 12776#5940: *191 CreateFile() "C:/coding/python/kodges/media/kodges_covers/1606217317_cov350m.jpg" failed (2: The system cannot find the file specified), client: 127.0.0.1, server: localhost, request: "GET /media/kodges_covers/1606217317_cov350m.jpg HTTP/1.1", host: "127.0.0.1", referrer: "http://127.0.0.1/"
2021/12/11 22:30:40 [error] 12776#5940: *191 CreateFile() "C:/coding/python/kodges/media/kodges_covers/1606217317_cov350m.jpg" failed (2: The system cannot find the file specified), client: 127.0.0.1, server: localhost, request: "GET /media/kodges_covers/1606217317_cov350m.jpg HTTP/1.1", host: "127.0.0.1", referrer: "http://127.0.0.1/"
2021/12/11 22:30:46 [error] 12776#5940: *191 CreateFile() "C:/coding/python/kodges/media/kodges_covers/1606555964_cov350m.jpg" failed (2: The system cannot find the file specified), client: 127.0.0.1, server: localhost, request: "GET /media/kodges_covers/1606555964_cov350m.jpg HTTP/1.1", host: "127.0.0.1", referrer: "http://127.0.0.1/"
2021/12/11 22:31:19 [error] 12776#5940: *191 CreateFile() "C:/coding/python/kodges/media/kodges_covers/1605616540_414j6kjtlyl__sx331_bo1204203200_.jpg" failed (2: The system cannot find the file specified), client: 127.0.0.1, server: localhost, request: "GET /media/kodges_covers/1605616540_414j6kjtlyl__sx331_bo1204203200_.jpg HTTP/1.1", host: "127.0.0.1", referrer: "http://127.0.0.1/"
2021/12/11 22:31:19 [error] 12776#5940: *192 CreateFile() "C:/coding/python/kodges/media/kodges_covers/52e00c3960de1.jpg" failed (2: The system cannot find the file specified), client: 127.0.0.1, server: localhost, request: "GET /media/kodges_covers/52e00c3960de1.jpg HTTP/1.1", host: "127.0.0.1", referrer: "http://127.0.0.1/"
2021/12/11 22:31:28 [error] 12776#5940: *194 CreateFile() "C:/coding/python/kodges/media/kodges_covers/1605616540_414j6kjtlyl__sx331_bo1204203200_.jpg" failed (2: The system cannot find the file specified), client: 127.0.0.1, server: localhost, request: "GET /media/kodges_covers/1605616540_414j6kjtlyl__sx331_bo1204203200_.jpg HTTP/1.1", host: "127.0.0.1", referrer: "http://127.0.0.1/"
2021/12/11 22:31:28 [error] 12776#5940: *192 CreateFile() "C:/coding/python/kodges/media/kodges_covers/52e00c3960de1.jpg" failed (2: The system cannot find the file specified), client: 127.0.0.1, server: localhost, request: "GET /media/kodges_covers/52e00c3960de1.jpg HTTP/1.1", host: "127.0.0.1", referrer: "http://127.0.0.1/"
2021/12/11 22:32:03 [error] 12776#5940: *192 CreateFile() "C:/coding/python/kodges/media/kodges_covers/1606567768_cov350m.jpg" failed (2: The system cannot find the file specified), client: 127.0.0.1, server: localhost, request: "GET /media/kodges_covers/1606567768_cov350m.jpg HTTP/1.1", host: "127.0.0.1", referrer: "http://127.0.0.1/"
2021/12/11 22:32:03 [error] 12776#5940: *194 CreateFile() "C:/coding/python/kodges/media/kodges_covers/1606217317_cov350m.jpg" failed (2: The system cannot find the file specified), client: 127.0.0.1, server: localhost, request: "GET /media/kodges_covers/1606217317_cov350m.jpg HTTP/1.1", host: "127.0.0.1", referrer: "http://127.0.0.1/"
2021/12/11 22:32:13 [error] 12776#5940: *194 CreateFile() "C:/coding/python/kodges/media/kodges_covers/1606217317_cov350m.jpg" failed (2: The system cannot find the file specified), client: 127.0.0.1, server: localhost, request: "GET /media/kodges_covers/1606217317_cov350m.jpg HTTP/1.1", host: "127.0.0.1", referrer: "http://127.0.0.1/"
2021/12/11 22:32:25 [error] 12776#5940: *194 CreateFile() "C:/coding/python/DjangoSchool-drf/django_book/templates/admin" failed (2: The system cannot find the file specified), client: 127.0.0.1, server: localhost, request: "GET /admin HTTP/1.1", host: "127.0.0.1"
2021/12/11 22:33:12 [error] 12776#5940: *194 CreateFile() "C:/coding/python/DjangoSchool-drf/django_book/templates/admin" failed (2: The system cannot find the file specified), client: 127.0.0.1, server: localhost, request: "GET /admin HTTP/1.1", host: "127.0.0.1"
2021/12/11 22:33:52 [error] 12776#5940: *194 CreateFile() "C:/coding/python/DjangoSchool-drf/django_book/templates/admin" failed (2: The system cannot find the file specified), client: 127.0.0.1, server: localhost, request: "GET /admin HTTP/1.1", host: "127.0.0.1"
2021/12/11 22:33:53 [error] 12776#5940: *194 CreateFile() "C:/coding/python/DjangoSchool-drf/django_book/templates/admin" failed (2: The system cannot find the file specified), client: 127.0.0.1, server: localhost, request: "GET /admin HTTP/1.1", host: "127.0.0.1"
2021/12/11 22:33:53 [error] 12776#5940: *194 CreateFile() "C:/coding/python/DjangoSchool-drf/django_book/templates/admin" failed (2: The system cannot find the file specified), client: 127.0.0.1, server: localhost, request: "GET /admin HTTP/1.1", host: "127.0.0.1"
2021/12/11 22:33:53 [error] 12776#5940: *194 CreateFile() "C:/coding/python/DjangoSchool-drf/django_book/templates/admin" failed (2: The system cannot find the file specified), client: 127.0.0.1, server: localhost, request: "GET /admin HTTP/1.1", host: "127.0.0.1"
2021/12/11 22:33:53 [error] 12776#5940: *194 CreateFile() "C:/coding/python/DjangoSchool-drf/django_book/templates/admin" failed (2: The system cannot find the file specified), client: 127.0.0.1, server: localhost, request: "GET /admin HTTP/1.1", host: "127.0.0.1"
2021/12/11 22:35:05 [notice] 2856#6108: signal process started
2021/12/11 22:42:43 [error] 9468#10324: *250 connect() failed (10061: No connection could be made because the target machine actively refused it) while connecting to upstream, client: 127.0.0.1, server: localhost, request: "GET /admin/testapp/ratingstar/ HTTP/1.1", upstream: "http://127.0.0.1:8000/admin/testapp/ratingstar/", host: "127.0.0.1", referrer: "http://127.0.0.1/admin/testapp/books/27929/change/?_changelist_filters=q%3Dart%2Byudin"
2022/02/14 21:02:55 [error] 9444#10504: *2 CreateFile() "C:/coding/python/DjangoSchool-drf/django_book/templates/favicon.ico" failed (2: The system cannot find the file specified), client: 127.0.0.1, server: localhost, request: "GET /favicon.ico HTTP/1.1", host: "127.0.0.1", referrer: "http://127.0.0.1/"
2022/02/14 21:06:15 [error] 9444#10504: *27 CreateFile() "C:/coding/python/DjangoSchool-drf/django_book/templates/favicon.ico" failed (2: The system cannot find the file specified), client: 127.0.0.1, server: localhost, request: "GET /favicon.ico HTTP/1.1", host: "127.0.0.1", referrer: "http://127.0.0.1/"
2022/02/14 21:06:17 [error] 9444#10504: *25 connect() failed (10061: No connection could be made because the target machine actively refused it) while connecting to upstream, client: 127.0.0.1, server: localhost, request: "GET /api/v1/dates/ HTTP/1.1", upstream: "http://127.0.0.1:8000/api/v1/dates/", host: "127.0.0.1", referrer: "http://127.0.0.1/"
2022/02/14 21:06:17 [error] 9444#10504: *23 connect() failed (10061: No connection could be made because the target machine actively refused it) while connecting to upstream, client: 127.0.0.1, server: localhost, request: "GET /api/v1/rubrics/ HTTP/1.1", upstream: "http://127.0.0.1:8000/api/v1/rubrics/", host: "127.0.0.1", referrer: "http://127.0.0.1/"
2023/04/23 21:39:56 [error] 12196#9268: *3 CreateFile() "C:/coding/python/DjangoSchool-drf/django_book/templates/favicon.ico" failed (2: The system cannot find the file specified), client: 127.0.0.1, server: localhost, request: "GET /favicon.ico HTTP/1.1", host: "127.0.0.1", referrer: "http://127.0.0.1/"
2023/04/23 21:44:24 [error] 12196#9268: *56 connect() failed (10061: No connection could be made because the target machine actively refused it) while connecting to upstream, client: 127.0.0.1, server: localhost, request: "GET /api/v1/book/37433/ HTTP/1.1", upstream: "http://127.0.0.1:8000/api/v1/book/37433/", host: "127.0.0.1", referrer: "http://127.0.0.1/"
2023/04/23 21:44:26 [error] 12196#9268: *56 connect() failed (10061: No connection could be made because the target machine actively refused it) while connecting to upstream, client: 127.0.0.1, server: localhost, request: "GET /api/v1/rubrics/11/ HTTP/1.1", upstream: "http://127.0.0.1:8000/api/v1/rubrics/11/", host: "127.0.0.1", referrer: "http://127.0.0.1/"
2023/04/23 21:44:27 [error] 12196#9268: *59 connect() failed (10061: No connection could be made because the target machine actively refused it) while connecting to upstream, client: 127.0.0.1, server: localhost, request: "GET /api/v1/rubrics/3/ HTTP/1.1", upstream: "http://127.0.0.1:8000/api/v1/rubrics/3/", host: "127.0.0.1", referrer: "http://127.0.0.1/"
2023/04/23 21:44:27 [error] 12196#9268: *61 connect() failed (10061: No connection could be made because the target machine actively refused it) while connecting to upstream, client: 127.0.0.1, server: localhost, request: "GET /api/v1/book/38317/ HTTP/1.1", upstream: "http://127.0.0.1:8000/api/v1/book/38317/", host: "127.0.0.1", referrer: "http://127.0.0.1/"
